CCS PCM C Compiler, Version 5.025, 63300               01-mar.-23 11:20

               Filename:   C:\Users\luist\OneDrive\Escritorio\8VO\MICRO\PROGRAMAS\CONTROL DE MOTOR\PRACT2.lst

               ROM used:   1725 words (21%)
                           Largest free fragment is 2048
               RAM used:   26 (7%) at main() level
                           59 (16%) worst case
               Stack used: 7 locations
               Stack size: 8

*
0000:  MOVLW  05
0001:  MOVWF  0A
0002:  GOTO   5AB
0003:  NOP
.................... #include <16F877a.h> 
.................... //////////// Standard Header file for the PIC16F877A device //////////////// 
.................... /////////////////////////////////////////////////////////////////////////// 
.................... ////        (C) Copyright 1996, 2013 Custom Computer Services          //// 
.................... //// This source code may only be used by licensed users of the CCS C  //// 
.................... //// compiler.  This source code may only be distributed to other      //// 
.................... //// licensed users of the CCS C compiler.  No other use, reproduction //// 
.................... //// or distribution is permitted without written permission.          //// 
.................... //// Derivative programs created using this software in object code    //// 
.................... //// form are not restricted in any way.                               //// 
.................... /////////////////////////////////////////////////////////////////////////// 
.................... #device PIC16F877A 
0004:  BCF    0A.0
0005:  BCF    0A.1
0006:  BCF    0A.2
0007:  ADDWF  02,F
0008:  RETLW  28
0009:  RETLW  0C
000A:  RETLW  01
000B:  RETLW  06
000C:  BCF    0A.0
000D:  BCF    0A.1
000E:  BCF    0A.2
000F:  ADDWF  02,F
0010:  RETLW  37
0011:  RETLW  38
0012:  RETLW  39
0013:  RETLW  2F
0014:  RETLW  34
0015:  RETLW  35
0016:  RETLW  36
0017:  RETLW  2A
0018:  RETLW  31
0019:  RETLW  32
001A:  RETLW  33
001B:  RETLW  2D
001C:  RETLW  43
001D:  RETLW  30
001E:  RETLW  3D
001F:  RETLW  2B
0020:  DATA 20,10
0021:  DATA 20,10
0022:  DATA 20,00
0023:  DATA 0C,28
0024:  DATA 41,29
0025:  DATA 4F,10
0026:  DATA C4,22
0027:  DATA A0,22
0028:  DATA CD,22
0029:  DATA D2,23
002A:  DATA 45,27
002B:  DATA 00,01
002C:  DATA 8C,22
002D:  DATA 53,28
002E:  DATA 45,29
002F:  DATA 41,27
0030:  DATA C4,27
0031:  DATA 20,2A
0032:  DATA C5,21
0033:  DATA CC,20
0034:  DATA 00,01
0035:  DATA 0C,2A
0036:  DATA C5,21
0037:  DATA CC,20
0038:  DATA 20,28
0039:  DATA D2,22
003A:  DATA D3,24
003B:  DATA 4F,27
003C:  DATA 41,22
003D:  DATA 41,05
003E:  DATA D0,2A
003F:  DATA 45,22
0040:  DATA 45,10
0041:  DATA D3,22
0042:  DATA C7,2A
0043:  DATA 49,29
0044:  DATA 00,00
0045:  DATA 0C,2A
0046:  DATA F2,30
0047:  DATA EE,39
0048:  DATA E3,3A
0049:  DATA 72,39
004A:  DATA 69,32
004B:  DATA 6F,1D
004C:  DATA 20,00
004D:  DATA 0C,2A
004E:  DATA F2,30
004F:  DATA EE,39
0050:  DATA E3,3A
0051:  DATA 72,39
0052:  DATA 69,32
0053:  DATA 6F,1D
0054:  DATA 20,00
0055:  DATA 0C,2A
0056:  DATA F2,30
0057:  DATA EE,39
0058:  DATA E3,3A
0059:  DATA 72,39
005A:  DATA 69,32
005B:  DATA 6F,1D
005C:  DATA 20,00
005D:  DATA 8C,24
005E:  DATA EE,33
005F:  DATA F2,32
0060:  DATA F3,30
0061:  DATA 72,10
0062:  DATA ED,37
0063:  DATA F4,37
0064:  DATA 72,1D
0065:  DATA 20,00
0066:  DATA 8C,24
0067:  DATA EE,33
0068:  DATA F2,32
0069:  DATA F3,30
006A:  DATA 72,10
006B:  DATA ED,37
006C:  DATA F4,37
006D:  DATA 72,1D
006E:  DATA 20,00
006F:  DATA 8C,26
0070:  DATA 6F,3A
0071:  DATA 6F,39
0072:  DATA 20,37
0073:  DATA 6F,3A
0074:  DATA 20,3B
0075:  DATA 61,36
0076:  DATA 69,32
0077:  DATA 00,01
0078:  DATA 8C,29
0079:  DATA C5,23
007A:  DATA 3A,10
007B:  DATA 00,01
007C:  DATA 0C,2B
007D:  DATA 41,26
007E:  DATA 4F,29
007F:  DATA 20,27
0080:  DATA 4F,10
0081:  DATA D6,20
0082:  DATA CC,24
0083:  DATA C4,27
0084:  DATA 00,00
0085:  DATA 8C,26
0086:  DATA 4F,2A
0087:  DATA 4F,29
0088:  DATA 3A,10
0089:  DATA 25,36
008A:  DATA 75,10
008B:  DATA D3,22
008C:  DATA 47,1D
008D:  DATA A0,12
008E:  DATA EC,3A
008F:  DATA 00,00
*
0161:  MOVF   0B,W
0162:  MOVWF  40
0163:  BCF    0B.7
0164:  BSF    03.5
0165:  BSF    03.6
0166:  BSF    0C.7
0167:  BSF    0C.0
0168:  NOP
0169:  NOP
016A:  BCF    03.5
016B:  BCF    03.6
016C:  BTFSC  40.7
016D:  BSF    0B.7
016E:  BSF    03.6
016F:  MOVF   0C,W
0170:  ANDLW  7F
0171:  BTFSC  03.2
0172:  GOTO   1B5
0173:  BCF    03.6
0174:  MOVWF  40
0175:  BSF    03.6
0176:  MOVF   0D,W
0177:  BCF    03.6
0178:  MOVWF  41
0179:  BSF    03.6
017A:  MOVF   0F,W
017B:  BCF    03.6
017C:  MOVWF  42
017D:  MOVF   40,W
017E:  MOVWF  43
017F:  CALL   13D
0180:  MOVF   41,W
0181:  BSF    03.6
0182:  MOVWF  0D
0183:  BCF    03.6
0184:  MOVF   42,W
0185:  BSF    03.6
0186:  MOVWF  0F
0187:  BCF    03.6
0188:  MOVF   0B,W
0189:  MOVWF  43
018A:  BCF    0B.7
018B:  BSF    03.5
018C:  BSF    03.6
018D:  BSF    0C.7
018E:  BSF    0C.0
018F:  NOP
0190:  NOP
0191:  BCF    03.5
0192:  BCF    03.6
0193:  BTFSC  43.7
0194:  BSF    0B.7
0195:  BSF    03.6
0196:  RLF    0C,W
0197:  RLF    0E,W
0198:  ANDLW  7F
0199:  BTFSC  03.2
019A:  GOTO   1B5
019B:  BCF    03.6
019C:  MOVWF  40
019D:  BSF    03.6
019E:  MOVF   0D,W
019F:  BCF    03.6
01A0:  MOVWF  41
01A1:  BSF    03.6
01A2:  MOVF   0F,W
01A3:  BCF    03.6
01A4:  MOVWF  42
01A5:  MOVF   40,W
01A6:  MOVWF  43
01A7:  CALL   13D
01A8:  MOVF   41,W
01A9:  BSF    03.6
01AA:  MOVWF  0D
01AB:  BCF    03.6
01AC:  MOVF   42,W
01AD:  BSF    03.6
01AE:  MOVWF  0F
01AF:  INCF   0D,F
01B0:  BTFSC  03.2
01B1:  INCF   0F,F
01B2:  BCF    03.6
01B3:  GOTO   161
01B4:  BSF    03.6
01B5:  BCF    03.6
01B6:  RETURN
*
0220:  BCF    0A.0
0221:  BSF    0A.1
0222:  BCF    0A.2
0223:  ADDWF  02,F
0224:  GOTO   1C3
0225:  GOTO   1C9
0226:  GOTO   1CF
0227:  GOTO   1D5
*
0231:  MOVLW  20
0232:  MOVWF  55
0233:  CLRF   51
0234:  CLRF   52
0235:  CLRF   53
0236:  CLRF   54
0237:  MOVF   4C,W
0238:  MOVWF  7A
0239:  MOVF   4B,W
023A:  MOVWF  79
023B:  MOVF   4A,W
023C:  MOVWF  78
023D:  MOVF   49,W
023E:  MOVWF  77
023F:  BCF    03.0
0240:  BTFSS  77.0
0241:  GOTO   250
0242:  MOVF   4D,W
0243:  ADDWF  51,F
0244:  MOVF   4E,W
0245:  BTFSC  03.0
0246:  INCFSZ 4E,W
0247:  ADDWF  52,F
0248:  MOVF   4F,W
0249:  BTFSC  03.0
024A:  INCFSZ 4F,W
024B:  ADDWF  53,F
024C:  MOVF   50,W
024D:  BTFSC  03.0
024E:  INCFSZ 50,W
024F:  ADDWF  54,F
0250:  RRF    54,F
0251:  RRF    53,F
0252:  RRF    52,F
0253:  RRF    51,F
0254:  RRF    7A,F
0255:  RRF    79,F
0256:  RRF    78,F
0257:  RRF    77,F
0258:  DECFSZ 55,F
0259:  GOTO   23F
025A:  RETURN
*
032A:  MOVLW  10
032B:  MOVWF  38
032C:  CLRF   77
032D:  CLRF   7A
032E:  RRF    35,F
032F:  RRF    34,F
0330:  BTFSS  03.0
0331:  GOTO   338
0332:  MOVF   36,W
0333:  ADDWF  77,F
0334:  BTFSC  03.0
0335:  INCF   7A,F
0336:  MOVF   37,W
0337:  ADDWF  7A,F
0338:  RRF    7A,F
0339:  RRF    77,F
033A:  RRF    79,F
033B:  RRF    78,F
033C:  DECFSZ 38,F
033D:  GOTO   32E
033E:  RETURN
033F:  MOVF   0B,W
0340:  MOVWF  35
0341:  BCF    0B.7
0342:  BSF    03.5
0343:  BSF    03.6
0344:  BSF    0C.7
0345:  BSF    0C.0
0346:  NOP
0347:  NOP
0348:  BCF    03.5
0349:  BCF    03.6
034A:  BTFSC  35.7
034B:  BSF    0B.7
034C:  BTFSC  03.0
034D:  GOTO   376
034E:  BSF    03.6
034F:  MOVF   0C,W
0350:  ANDLW  7F
0351:  BCF    03.6
0352:  MOVWF  35
0353:  BSF    03.6
0354:  MOVF   0D,W
0355:  BCF    03.6
0356:  MOVWF  36
0357:  BSF    03.6
0358:  MOVF   0F,W
0359:  BCF    03.6
035A:  MOVWF  37
035B:  MOVF   35,W
035C:  MOVWF  43
035D:  CALL   13D
035E:  MOVF   36,W
035F:  BSF    03.6
0360:  MOVWF  0D
0361:  BCF    03.6
0362:  MOVF   37,W
0363:  BSF    03.6
0364:  MOVWF  0F
0365:  BCF    03.6
0366:  MOVF   0B,W
0367:  MOVWF  38
0368:  BCF    0B.7
0369:  BSF    03.5
036A:  BSF    03.6
036B:  BSF    0C.7
036C:  BSF    0C.0
036D:  NOP
036E:  NOP
036F:  BCF    03.5
0370:  BCF    03.6
0371:  BTFSC  38.7
0372:  BSF    0B.7
0373:  DECFSZ 34,F
0374:  GOTO   376
0375:  GOTO   395
0376:  BSF    03.6
0377:  RLF    0C,W
0378:  RLF    0E,W
0379:  ANDLW  7F
037A:  BCF    03.6
037B:  MOVWF  35
037C:  BSF    03.6
037D:  MOVF   0D,W
037E:  BCF    03.6
037F:  MOVWF  36
0380:  BSF    03.6
0381:  MOVF   0F,W
0382:  BCF    03.6
0383:  MOVWF  37
0384:  MOVF   35,W
0385:  MOVWF  43
0386:  CALL   13D
0387:  MOVF   36,W
0388:  BSF    03.6
0389:  MOVWF  0D
038A:  BCF    03.6
038B:  MOVF   37,W
038C:  BSF    03.6
038D:  MOVWF  0F
038E:  INCF   0D,F
038F:  BTFSC  03.2
0390:  INCF   0F,F
0391:  BCF    03.0
0392:  BCF    03.6
0393:  DECFSZ 34,F
0394:  GOTO   33F
0395:  RETURN
0396:  CLRF   3F
0397:  MOVF   04,W
0398:  MOVWF  3E
0399:  BCF    3F.0
039A:  BTFSC  03.7
039B:  BSF    3F.0
039C:  SWAPF  38,W
039D:  IORLW  F0
039E:  MOVWF  3A
039F:  ADDWF  3A,F
03A0:  ADDLW  E2
03A1:  MOVWF  3B
03A2:  ADDLW  32
03A3:  MOVWF  3D
03A4:  MOVF   38,W
03A5:  ANDLW  0F
03A6:  ADDWF  3B,F
03A7:  ADDWF  3B,F
03A8:  ADDWF  3D,F
03A9:  ADDLW  E9
03AA:  MOVWF  3C
03AB:  ADDWF  3C,F
03AC:  ADDWF  3C,F
03AD:  SWAPF  37,W
03AE:  ANDLW  0F
03AF:  ADDWF  3C,F
03B0:  ADDWF  3D,F
03B1:  RLF    3C,F
03B2:  RLF    3D,F
03B3:  COMF   3D,F
03B4:  RLF    3D,F
03B5:  MOVF   37,W
03B6:  ANDLW  0F
03B7:  ADDWF  3D,F
03B8:  RLF    3A,F
03B9:  MOVLW  07
03BA:  MOVWF  39
03BB:  MOVLW  0A
03BC:  ADDWF  3D,F
03BD:  DECF   3C,F
03BE:  BTFSS  03.0
03BF:  GOTO   3BC
03C0:  ADDWF  3C,F
03C1:  DECF   3B,F
03C2:  BTFSS  03.0
03C3:  GOTO   3C0
03C4:  ADDWF  3B,F
03C5:  DECF   3A,F
03C6:  BTFSS  03.0
03C7:  GOTO   3C4
03C8:  ADDWF  3A,F
03C9:  DECF   39,F
03CA:  BTFSS  03.0
03CB:  GOTO   3C8
03CC:  MOVLW  39
03CD:  MOVWF  04
03CE:  BCF    03.7
03CF:  MOVLW  07
03D0:  ANDWF  3E,W
03D1:  BCF    3E.6
03D2:  ADDWF  04,F
03D3:  MOVLW  3D
03D4:  SUBWF  04,W
03D5:  BTFSC  03.2
03D6:  BSF    3E.6
03D7:  MOVF   00,W
03D8:  MOVWF  77
03D9:  BTFSS  03.2
03DA:  GOTO   3E3
03DB:  BTFSC  3E.6
03DC:  GOTO   3E3
03DD:  BTFSC  3E.4
03DE:  GOTO   3F5
03DF:  BTFSC  3E.3
03E0:  GOTO   3E3
03E1:  MOVLW  20
03E2:  GOTO   3E6
03E3:  BSF    3E.3
03E4:  BCF    3E.4
03E5:  MOVLW  30
03E6:  ADDWF  77,F
03E7:  CLRF   38
03E8:  MOVF   04,W
03E9:  MOVWF  37
03EA:  BCF    38.0
03EB:  BTFSC  03.7
03EC:  BSF    38.0
03ED:  MOVF   77,W
03EE:  MOVWF  43
03EF:  CALL   13D
03F0:  MOVF   37,W
03F1:  MOVWF  04
03F2:  BCF    03.7
03F3:  BTFSC  38.0
03F4:  BSF    03.7
03F5:  INCF   04,F
03F6:  BTFSS  3E.6
03F7:  GOTO   3D3
03F8:  RETURN
*
0436:  CLRF   78
0437:  CLRF   79
0438:  CLRF   77
0439:  CLRF   7A
043A:  MOVF   3A,W
043B:  BTFSS  03.2
043C:  GOTO   440
043D:  MOVF   39,W
043E:  BTFSC  03.2
043F:  GOTO   45A
0440:  MOVLW  10
0441:  MOVWF  3B
0442:  BCF    03.0
0443:  RLF    37,F
0444:  RLF    38,F
0445:  RLF    77,F
0446:  RLF    7A,F
0447:  MOVF   3A,W
0448:  SUBWF  7A,W
0449:  BTFSS  03.2
044A:  GOTO   44D
044B:  MOVF   39,W
044C:  SUBWF  77,W
044D:  BTFSS  03.0
044E:  GOTO   456
044F:  MOVF   39,W
0450:  SUBWF  77,F
0451:  BTFSS  03.0
0452:  DECF   7A,F
0453:  MOVF   3A,W
0454:  SUBWF  7A,F
0455:  BSF    03.0
0456:  RLF    78,F
0457:  RLF    79,F
0458:  DECFSZ 3B,F
0459:  GOTO   442
045A:  RETURN
....................  
.................... #list 
....................  
....................  
.................... #device ADC = 10 
....................  
.................... #use delay(crystal = 20000000) 
*
0090:  MOVLW  44
0091:  MOVWF  04
0092:  BCF    03.7
0093:  MOVF   00,W
0094:  BTFSC  03.2
0095:  GOTO   0A3
0096:  MOVLW  06
0097:  MOVWF  78
0098:  CLRF   77
0099:  DECFSZ 77,F
009A:  GOTO   099
009B:  DECFSZ 78,F
009C:  GOTO   098
009D:  MOVLW  7B
009E:  MOVWF  77
009F:  DECFSZ 77,F
00A0:  GOTO   09F
00A1:  DECFSZ 00,F
00A2:  GOTO   096
00A3:  RETURN
....................  
.................... #FUSES NOWDT, NOBROWNOUT, NOLVP, HS 
....................  
.................... #use STANDARD_IO(C) 
.................... #use STANDARD_IO(D) 
....................  
....................  
.................... #include <lcd_c.c> 
.................... /////////////////////////////////////////////////////////////////////////////// 
.................... ////                             LCD.C                                     //// 
.................... ////                 Driver for common LCD modules                         //// 
.................... ////                                                                       //// 
.................... ////  lcd_init()   Must be called before any other function.               //// 
.................... ////                                                                       //// 
.................... ////  lcd_putc(c)  Will display c on the next position of the LCD.         //// 
.................... ////                     The following have special meaning:               //// 
.................... ////                      \f  Clear display                                //// 
.................... ////                      \n  Go to start of second line                   //// 
.................... ////                      \b  Move back one position                       //// 
.................... ////                                                                       //// 
.................... ////  lcd_gotoxy(x,y) Set write position on LCD (upper left is 1,1)        //// 
.................... ////                                                                       //// 
.................... ////  lcd_getc(x,y)   Returns character at position x,y on LCD             //// 
.................... ////                                                                       //// 
.................... ////  CONFIGURATION                                                        //// 
.................... ////  The LCD can be configured in one of two ways: a.) port access or     //// 
.................... ////  b.) pin access.  Port access requires the entire 7 bit interface     //// 
.................... ////  connected to one GPIO port, and the data bits (D4:D7 of the LCD)     //// 
.................... ////  connected to sequential pins on the GPIO.  Pin access                //// 
.................... ////  has no requirements, all 7 bits of the control interface can         //// 
.................... ////  can be connected to any GPIO using several ports.                    //// 
.................... ////                                                                       //// 
.................... ////  To use port access, #define LCD_DATA_PORT to the SFR location of     //// 
.................... ////  of the GPIO port that holds the interface, -AND- edit LCD_PIN_MAP    //// 
.................... ////  of this file to configure the pin order.  If you are using a         //// 
.................... ////  baseline PIC (PCB), then LCD_OUTPUT_MAP and LCD_INPUT_MAP also must  //// 
.................... ////  be defined.                                                          //// 
.................... ////                                                                       //// 
.................... ////  Example of port access:                                              //// 
.................... ////     #define LCD_DATA_PORT getenv("SFR:PORTD")                         //// 
.................... ////                                                                       //// 
.................... ////  To use pin access, the following pins must be defined:               //// 
.................... ////     LCD_ENABLE_PIN                                                    //// 
.................... ////     LCD_RS_PIN                                                        //// 
.................... ////     LCD_RW_PIN                                                        //// 
.................... ////     LCD_DATA4                                                         //// 
.................... ////     LCD_DATA5                                                         //// 
.................... ////     LCD_DATA6                                                         //// 
.................... ////     LCD_DATA7                                                         //// 
.................... ////                                                                       //// 
.................... ////  Example of pin access:                                               //// 
.................... ////     #define LCD_ENABLE_PIN  PIN_E0                                    //// 
.................... ////     #define LCD_RS_PIN      PIN_E1                                    //// 
.................... ////     #define LCD_RW_PIN      PIN_E2                                    //// 
.................... ////     #define LCD_DATA4       PIN_D4                                    //// 
.................... ////     #define LCD_DATA5       PIN_D5                                    //// 
.................... ////     #define LCD_DATA6       PIN_D6                                    //// 
.................... ////     #define LCD_DATA7       PIN_D7                                    //// 
.................... ////                                                                       //// 
.................... /////////////////////////////////////////////////////////////////////////////// 
.................... ////        (C) Copyright 1996,2009 Custom Computer Services           //// 
.................... //// This source code may only be used by licensed users of the CCS C  //// 
.................... //// compiler.  This source code may only be distributed to other      //// 
.................... //// licensed users of the CCS C compiler.  No other use, reproduction //// 
.................... //// or distribution is permitted without written permission.          //// 
.................... //// Derivative programs created using this software in object code    //// 
.................... //// form are not restricted in any way.                               //// 
.................... /////////////////////////////////////////////////////////////////////////// 
....................  
.................... #define LCD_DATA_PORT      0x07     //portc    LA PUSE YO  
....................  
.................... typedef struct   
.................... {                            // This structure is overlayed 
....................    BOOLEAN enable;           // on to an I/O port to gain 
....................    BOOLEAN rs;               // access to the LCD pins. 
....................    BOOLEAN rw;               // The bits are allocated from 
....................    BOOLEAN unused;           // low order up.  ENABLE will 
....................    int     data : 4;         // be LSB pin of that port. 
....................   #if defined(__PCD__)       // The port used will be LCD_DATA_PORT. 
....................    int    reserved: 8; 
....................   #endif 
.................... } LCD_PIN_MAP; 
....................  
.................... #define use_portb_lcd TRUE 
....................  
.................... #if defined(__PCB__) 
....................    // these definitions only need to be modified for baseline PICs. 
....................    // all other PICs use LCD_PIN_MAP or individual LCD_xxx pin definitions. 
.................... /*                                    EN, RS,   RW,   UNUSED,  DATA  */ 
....................  const LCD_PIN_MAP LCD_OUTPUT_MAP =  {0,  0,    0,    0,       0}; 
....................  const LCD_PIN_MAP LCD_INPUT_MAP =   {0,  0,    0,    0,       0xF}; 
.................... #endif 
....................  
....................  
....................  
.................... ////////////////////// END CONFIGURATION /////////////////////////////////// 
....................  
.................... #ifndef LCD_ENABLE_PIN 
....................    #define lcd_output_enable(x) lcdlat.enable=x 
....................    #define lcd_enable_tris()   lcdtris.enable=0 
.................... #else 
....................    #define lcd_output_enable(x) output_bit(LCD_ENABLE_PIN, x) 
....................    #define lcd_enable_tris()  output_drive(LCD_ENABLE_PIN) 
.................... #endif 
....................  
.................... #ifndef LCD_RS_PIN 
....................    #define lcd_output_rs(x) lcdlat.rs=x 
....................    #define lcd_rs_tris()   lcdtris.rs=0 
.................... #else 
....................    #define lcd_output_rs(x) output_bit(LCD_RS_PIN, x) 
....................    #define lcd_rs_tris()  output_drive(LCD_RS_PIN) 
.................... #endif 
....................  
.................... #ifndef LCD_RW_PIN 
....................    #define lcd_output_rw(x) lcdlat.rw=x 
....................    #define lcd_rw_tris()   lcdtris.rw=0 
.................... #else 
....................    #define lcd_output_rw(x) output_bit(LCD_RW_PIN, x) 
....................    #define lcd_rw_tris()  output_drive(LCD_RW_PIN) 
.................... #endif 
....................  
.................... #ifndef LCD_DATA_PORT 
....................    #if defined(__PCB__) 
....................       #define LCD_DATA_PORT      0x06     //portb 
....................       #define set_tris_lcd(x)   set_tris_b(x) 
....................    #elif defined(__PCM__) 
....................       #define LCD_DATA_PORT      getenv("SFR:PORTD")     //portd 
....................    #elif defined(__PCH__) 
....................       #define LCD_DATA_PORT      getenv("SFR:PORTD")    //portd 
....................    #elif defined(__PCD__) 
....................       #define LCD_DATA_PORT      getenv("SFR:PORTD")    //portd 
....................    #endif    
.................... #endif 
....................  
.................... #if defined(__PCB__) 
....................    LCD_PIN_MAP lcd, lcdlat; 
....................    #byte lcd = LCD_DATA_PORT 
....................    #byte lcdlat = LCD_DATA_PORT 
.................... #elif defined(__PCM__) 
....................    LCD_PIN_MAP lcd, lcdlat, lcdtris; 
....................    #byte lcd = LCD_DATA_PORT 
....................    #byte lcdlat = LCD_DATA_PORT 
....................    #byte lcdtris = LCD_DATA_PORT+0x80 
.................... #elif defined(__PCH__) 
....................    LCD_PIN_MAP lcd, lcdlat, lcdtris; 
....................    #byte lcd = LCD_DATA_PORT 
....................    #byte lcdlat = LCD_DATA_PORT+9 
....................    #byte lcdtris = LCD_DATA_PORT+0x12 
.................... #elif defined(__PCD__) 
....................    LCD_PIN_MAP lcd, lcdlat, lcdtris; 
....................    #word lcd = LCD_DATA_PORT 
....................    #word lcdlat = LCD_DATA_PORT+2 
....................    #word lcdtris = LCD_DATA_PORT-0x02 
.................... #endif 
....................  
.................... #ifndef LCD_TYPE 
....................    #define LCD_TYPE 2           // 0=5x7, 1=5x10, 2=2 lines 
.................... #endif 
....................  
.................... #ifndef LCD_LINE_TWO 
....................    #define LCD_LINE_TWO 0x40    // LCD RAM address for the second line 
.................... #endif 
....................  
.................... BYTE const LCD_INIT_STRING[4] = {0x20 | (lcd_type << 2), 0xc, 1, 6}; 
....................                              // These bytes need to be sent to the LCD 
....................                              // to start it up. 
....................  
.................... // original version of this library incorrectly labeled LCD_DATA0 as LCD_DATA4, 
.................... // LCD_DATA1 as LCD_DATA5, and so on.  this block of code makes the driver 
.................... // compatible with any code written for the original library 
.................... #if (defined(LCD_DATA0) && defined(LCD_DATA1) && defined(LCD_DATA2) && defined(LCD_DATA3) && !defined(LCD_DATA4) && !defined(LCD_DATA5) && !defined(LCD_DATA6) && !defined(LCD_DATA7)) 
....................    #define  LCD_DATA4    LCD_DATA0 
....................    #define  LCD_DATA5    LCD_DATA1 
....................    #define  LCD_DATA6    LCD_DATA2 
....................    #define  LCD_DATA7    LCD_DATA3 
.................... #endif 
....................  
.................... BYTE lcd_read_nibble(void); 
....................  
.................... BYTE lcd_read_byte(void) 
.................... { 
....................    BYTE low,high; 
....................  
....................  #if defined(__PCB__) 
....................    set_tris_lcd(LCD_INPUT_MAP); 
....................  #else 
....................   #if (defined(LCD_DATA4) && defined(LCD_DATA5) && defined(LCD_DATA6) && defined(LCD_DATA7)) 
....................    output_float(LCD_DATA4); 
....................    output_float(LCD_DATA5); 
....................    output_float(LCD_DATA6); 
....................    output_float(LCD_DATA7); 
....................   #else 
....................    lcdtris.data = 0xF; 
*
00BC:  MOVLW  0F
00BD:  BSF    03.5
00BE:  ANDWF  07,W
00BF:  IORLW  F0
00C0:  MOVWF  07
....................   #endif 
....................  #endif 
....................          
....................    lcd_output_rw(1); 
00C1:  BCF    03.5
00C2:  BSF    07.2
....................    delay_cycles(1); 
00C3:  NOP
....................    lcd_output_enable(1); 
00C4:  BSF    07.0
....................    delay_cycles(1); 
00C5:  NOP
....................    high = lcd_read_nibble(); 
00C6:  CALL   0B5
00C7:  MOVF   78,W
00C8:  MOVWF  4B
....................        
....................    lcd_output_enable(0); 
00C9:  BCF    07.0
....................    delay_cycles(1); 
00CA:  NOP
....................    lcd_output_enable(1); 
00CB:  BSF    07.0
....................    delay_us(1); 
00CC:  GOTO   0CD
00CD:  GOTO   0CE
00CE:  NOP
....................    low = lcd_read_nibble(); 
00CF:  CALL   0B5
00D0:  MOVF   78,W
00D1:  MOVWF  4A
....................        
....................    lcd_output_enable(0); 
00D2:  BCF    07.0
....................  
....................  #if defined(__PCB__) 
....................    set_tris_lcd(LCD_INPUT_MAP); 
....................  #else 
....................   #if (defined(LCD_DATA4) && defined(LCD_DATA5) && defined(LCD_DATA6) && defined(LCD_DATA7)) 
....................    output_drive(LCD_DATA4); 
....................    output_drive(LCD_DATA5); 
....................    output_drive(LCD_DATA6); 
....................    output_drive(LCD_DATA7); 
....................   #else 
....................    lcdtris.data = 0x0; 
00D3:  MOVLW  0F
00D4:  BSF    03.5
00D5:  ANDWF  07,W
00D6:  MOVWF  07
....................   #endif 
....................  #endif 
....................  
....................    return( (high<<4) | low); 
00D7:  BCF    03.5
00D8:  SWAPF  4B,W
00D9:  MOVWF  77
00DA:  MOVLW  F0
00DB:  ANDWF  77,F
00DC:  MOVF   77,W
00DD:  IORWF  4A,W
00DE:  MOVWF  78
.................... } 
....................  
.................... BYTE lcd_read_nibble(void) 
.................... { 
....................   #if (defined(LCD_DATA4) && defined(LCD_DATA5) && defined(LCD_DATA6) && defined(LCD_DATA7)) 
....................    BYTE n = 0x00; 
....................  
....................    /* Read the data port */ 
....................    n |= input(LCD_DATA4); 
....................    n |= input(LCD_DATA5) << 1; 
....................    n |= input(LCD_DATA6) << 2; 
....................    n |= input(LCD_DATA7) << 3; 
....................     
....................    return(n); 
....................   #else 
....................    return(lcd.data); 
*
00B5:  MOVF   07,W
00B6:  MOVWF  77
00B7:  SWAPF  07,W
00B8:  ANDLW  0F
00B9:  MOVWF  78
....................   #endif 
00BA:  RETURN
.................... } 
....................  
.................... void lcd_send_nibble(BYTE n) 
.................... { 
....................   #if (defined(LCD_DATA4) && defined(LCD_DATA5) && defined(LCD_DATA6) && defined(LCD_DATA7)) 
....................    /* Write to the data port */ 
....................    output_bit(LCD_DATA4, BIT_TEST(n, 0)); 
....................    output_bit(LCD_DATA5, BIT_TEST(n, 1)); 
....................    output_bit(LCD_DATA6, BIT_TEST(n, 2)); 
....................    output_bit(LCD_DATA7, BIT_TEST(n, 3)); 
....................   #else       
....................    lcdlat.data = n; 
*
00A4:  SWAPF  4B,W
00A5:  ANDLW  F0
00A6:  MOVWF  77
00A7:  MOVLW  0F
00A8:  ANDWF  07,W
00A9:  IORWF  77,W
00AA:  MOVWF  07
....................   #endif 
....................        
....................    delay_cycles(1); 
00AB:  NOP
....................    lcd_output_enable(1); 
00AC:  BSF    07.0
....................    delay_us(2); 
00AD:  MOVLW  02
00AE:  MOVWF  77
00AF:  DECFSZ 77,F
00B0:  GOTO   0AF
00B1:  GOTO   0B2
00B2:  NOP
....................    lcd_output_enable(0); 
00B3:  BCF    07.0
00B4:  RETURN
.................... } 
....................  
.................... void lcd_send_byte(BYTE address, BYTE n) 
.................... { 
....................    lcd_output_rs(0); 
*
00BB:  BCF    07.1
....................    while ( bit_test(lcd_read_byte(),7) ) ; 
*
00DF:  MOVF   78,W
00E0:  MOVWF  4A
00E1:  BTFSC  4A.7
00E2:  GOTO   0BC
....................    lcd_output_rs(address); 
00E3:  BTFSS  48.0
00E4:  BCF    07.1
00E5:  BTFSC  48.0
00E6:  BSF    07.1
....................    delay_cycles(1); 
00E7:  NOP
....................    lcd_output_rw(0); 
00E8:  BCF    07.2
....................    delay_cycles(1); 
00E9:  NOP
....................    lcd_output_enable(0); 
00EA:  BCF    07.0
....................    lcd_send_nibble(n >> 4); 
00EB:  SWAPF  49,W
00EC:  MOVWF  4A
00ED:  MOVLW  0F
00EE:  ANDWF  4A,F
00EF:  MOVF   4A,W
00F0:  MOVWF  4B
00F1:  CALL   0A4
....................    lcd_send_nibble(n & 0xf); 
00F2:  MOVF   49,W
00F3:  ANDLW  0F
00F4:  MOVWF  4A
00F5:  MOVWF  4B
00F6:  CALL   0A4
00F7:  RETURN
.................... } 
....................  
.................... void lcd_init(void)  
.................... { 
....................    BYTE i; 
....................  
....................  #if defined(__PCB__) 
....................    set_tris_lcd(LCD_OUTPUT_MAP); 
....................  #else 
....................   #if (defined(LCD_DATA4) && defined(LCD_DATA5) && defined(LCD_DATA6) && defined(LCD_DATA7)) 
....................    output_drive(LCD_DATA4); 
....................    output_drive(LCD_DATA5); 
....................    output_drive(LCD_DATA6); 
....................    output_drive(LCD_DATA7); 
....................   #else 
....................    lcdtris.data = 0x0; 
00F8:  MOVLW  0F
00F9:  BSF    03.5
00FA:  ANDWF  07,W
00FB:  MOVWF  07
....................   #endif 
....................    lcd_enable_tris(); 
00FC:  BCF    07.0
....................    lcd_rs_tris(); 
00FD:  BCF    07.1
....................    lcd_rw_tris(); 
00FE:  BCF    07.2
....................  #endif 
....................  
....................    lcd_output_rs(0); 
00FF:  BCF    03.5
0100:  BCF    07.1
....................    lcd_output_rw(0); 
0101:  BCF    07.2
....................    lcd_output_enable(0); 
0102:  BCF    07.0
....................      
....................    delay_ms(15); 
0103:  MOVLW  0F
0104:  MOVWF  44
0105:  CALL   090
....................    for(i=1;i<=3;++i) 
0106:  MOVLW  01
0107:  MOVWF  34
0108:  MOVF   34,W
0109:  SUBLW  03
010A:  BTFSS  03.0
010B:  GOTO   114
....................    { 
....................        lcd_send_nibble(3); 
010C:  MOVLW  03
010D:  MOVWF  4B
010E:  CALL   0A4
....................        delay_ms(5); 
010F:  MOVLW  05
0110:  MOVWF  44
0111:  CALL   090
0112:  INCF   34,F
0113:  GOTO   108
....................    } 
....................      
....................    lcd_send_nibble(2); 
0114:  MOVLW  02
0115:  MOVWF  4B
0116:  CALL   0A4
....................    for(i=0;i<=3;++i) 
0117:  CLRF   34
0118:  MOVF   34,W
0119:  SUBLW  03
011A:  BTFSS  03.0
011B:  GOTO   125
....................       lcd_send_byte(0,LCD_INIT_STRING[i]); 
011C:  MOVF   34,W
011D:  CALL   004
011E:  MOVWF  35
011F:  CLRF   48
0120:  MOVF   35,W
0121:  MOVWF  49
0122:  CALL   0BB
0123:  INCF   34,F
0124:  GOTO   118
0125:  BCF    0A.3
0126:  BCF    0A.4
0127:  GOTO   5C3 (RETURN)
.................... } 
....................  
.................... void lcd_gotoxy(BYTE x, BYTE y) 
.................... { 
....................    BYTE address; 
....................  
....................    if(y!=1) 
*
012B:  DECFSZ 45,W
012C:  GOTO   12E
012D:  GOTO   131
....................       address=LCD_LINE_TWO; 
012E:  MOVLW  40
012F:  MOVWF  46
0130:  GOTO   132
....................    else 
....................       address=0; 
0131:  CLRF   46
....................       
....................    address+=x-1; 
0132:  MOVLW  01
0133:  SUBWF  44,W
0134:  ADDWF  46,F
....................    lcd_send_byte(0,0x80|address); 
0135:  MOVF   46,W
0136:  IORLW  80
0137:  MOVWF  47
0138:  CLRF   48
0139:  MOVF   47,W
013A:  MOVWF  49
013B:  CALL   0BB
013C:  RETURN
.................... } 
....................  
.................... void lcd_putc(char c) 
.................... { 
....................    switch (c) 
013D:  MOVF   43,W
013E:  XORLW  0C
013F:  BTFSC  03.2
0140:  GOTO   148
0141:  XORLW  06
0142:  BTFSC  03.2
0143:  GOTO   150
0144:  XORLW  02
0145:  BTFSC  03.2
0146:  GOTO   156
0147:  GOTO   15B
....................    { 
....................       case '\f'   :  lcd_send_byte(0,1); 
0148:  CLRF   48
0149:  MOVLW  01
014A:  MOVWF  49
014B:  CALL   0BB
....................                      delay_ms(2); 
014C:  MOVLW  02
014D:  MOVWF  44
014E:  CALL   090
....................                      break; 
014F:  GOTO   160
....................                       
....................       case '\n'   : lcd_gotoxy(1,2);        break; 
0150:  MOVLW  01
0151:  MOVWF  44
0152:  MOVLW  02
0153:  MOVWF  45
0154:  CALL   12B
0155:  GOTO   160
....................       
....................       case '\b'   : lcd_send_byte(0,0x10);  break; 
0156:  CLRF   48
0157:  MOVLW  10
0158:  MOVWF  49
0159:  CALL   0BB
015A:  GOTO   160
....................       
....................       default     : lcd_send_byte(1,c);     break; 
015B:  MOVLW  01
015C:  MOVWF  48
015D:  MOVF   43,W
015E:  MOVWF  49
015F:  CALL   0BB
....................    } 
0160:  RETURN
.................... } 
....................   
.................... char lcd_getc(BYTE x, BYTE y) 
.................... { 
....................    char value; 
....................  
....................    lcd_gotoxy(x,y); 
....................    while ( bit_test(lcd_read_byte(),7) ); // wait until busy flag is low 
....................    lcd_output_rs(1); 
....................    value = lcd_read_byte(); 
....................    lcd_output_rs(0); 
....................     
....................    return(value); 
.................... } 
....................  
....................  
.................... #include <kbd4x4_b.c> 
.................... /////////////////////////////////////////////////////////////////////////// 
.................... ////                             KBD4x4_1.C                                //// 
.................... ////                  Generic keypad scan driver                       //// 
.................... ////                                                                   //// 
.................... ////  kbd_init()   Must be called before any other function.           //// 
.................... ////                                                                   //// 
.................... ////  c = kbd_getc(c)  Will return a key value if pressed or /0 if not //// 
.................... ////                   This function should be called frequently so as //// 
.................... ////                   not to miss a key press.                        //// 
.................... ////                                                                   //// 
.................... /////////////////////////////////////////////////////////////////////////// 
.................... ////        (C) Copyright 1996,2003 Custom Computer Services           //// 
.................... //// This source code may only be used by licensed users of the CCS C  //// 
.................... //// compiler.  This source code may only be distributed to other      //// 
.................... //// licensed users of the CCS C compiler.  No other use, reproduction //// 
.................... //// or distribution is permitted without written permission.          //// 
.................... //// Derivative programs created using this software in object code    //// 
.................... //// form are not restricted in any way.                               //// 
.................... /////////////////////////////////////////////////////////////////////////// 
....................  
.................... ////////////////// The following defines the keypad layout on port D 
....................  
.................... // Un-comment the following define to use port B 
.................... #define use_portb_kbd TRUE 
....................  
.................... // Make sure the port used has pull-up resistors (or the LCD) on 
.................... // the column pins 
....................  
....................  
.................... #if defined(__PCH__) 
.................... #if defined use_portb_kbd 
....................    #byte kbd = 0xF81                   // This puts the entire structure 
.................... #else 
....................    #byte kbd = 0xF83                   // This puts the entire structure 
.................... #endif 
.................... #else 
.................... #if defined use_portb_kbd 
....................    #byte kbd = 6                  // on to port B (at address 6) 
.................... #else 
....................    #byte kbd = 8                 // on to port D (at address 8) 
.................... #endif 
.................... #endif 
....................  
.................... #if defined use_portb_kbd 
....................    #define set_tris_kbd(x) set_tris_b(x) 
.................... #else 
....................    #define set_tris_kbd(x) set_tris_d(x) 
.................... #endif 
....................  
....................  
....................  
.................... //Keypad connection:   (for example column 0 is B2) 
.................... //                Bx: 
....................  
.................... #ifdef blue_keypad  ///////////////////////////////////// For the blue keypad 
.................... #define COL0 (1 << 2) 
.................... #define COL1 (1 << 3) 
.................... #define COL2 (1 << 6) 
....................  
.................... #define ROW0 (1 << 4) 
.................... #define ROW1 (1 << 7) 
.................... #define ROW2 (1 << 1) 
.................... #define ROW3 (1 << 5) 
....................  
.................... #else ////////////////////////////////////////////////// For the black keypad 
.................... #define COL0 (1 << 4) 
.................... #define COL1 (1 << 5) 
.................... #define COL2 (1 << 6) 
.................... #define COL3 (1 << 7) 
....................  
.................... #define ROW0 (1 << 0) 
.................... #define ROW1 (1 << 1) 
.................... #define ROW2 (1 << 2) 
.................... #define ROW3 (1 << 3) 
....................  
.................... #endif 
....................  
.................... #define ALL_ROWS (ROW0|ROW1|ROW2|ROW3) 
.................... #define ALL_PINS (ALL_ROWS|COL0|COL1|COL2|COL3) 
....................  
.................... // Keypad layout: 
.................... char const KEYS[4][4] = {{'7','8','9','/'}, 
....................                          {'4','5','6','*'}, 
....................                          {'1','2','3','-'}, 
....................                          {'C','0','=','+'}}; 
....................  
.................... #define KBD_DEBOUNCE_FACTOR 33    // Set this number to apx n/333 where 
....................                                   // n is the number of times you expect 
....................                                   // to call kbd_getc each second 
....................  
....................  
.................... void kbd_init() { 
*
0128:  BCF    0A.3
0129:  BCF    0A.4
012A:  GOTO   5C4 (RETURN)
.................... } 
....................  
.................... char kbd_getc( ) { 
....................    static BYTE kbd_call_count; 
*
05BA:  BCF    03.5
05BB:  CLRF   21
....................    static int1 kbd_down; 
05BC:  BCF    22.0
....................    static char last_key; 
05BD:  CLRF   23
....................    static BYTE col; 
05BE:  CLRF   24
....................  
....................    BYTE kchar; 
....................    BYTE row; 
....................  
....................    kchar='\0'; 
*
01B7:  CLRF   41
....................    if(++kbd_call_count>KBD_DEBOUNCE_FACTOR) { 
01B8:  INCF   21,F
01B9:  MOVF   21,W
01BA:  SUBLW  21
01BB:  BTFSC  03.0
01BC:  GOTO   217
....................        switch (col) { 
01BD:  MOVF   24,W
01BE:  ADDLW  FC
01BF:  BTFSC  03.0
01C0:  GOTO   1DA
01C1:  ADDLW  04
01C2:  GOTO   220
....................          case 0   : set_tris_kbd(ALL_PINS&~COL0); 
01C3:  MOVLW  EF
01C4:  BSF    03.5
01C5:  MOVWF  06
....................                     kbd=~COL0&ALL_PINS; 
01C6:  BCF    03.5
01C7:  MOVWF  06
....................                     break; 
01C8:  GOTO   1DA
....................          case 1   : set_tris_kbd(ALL_PINS&~COL1); 
01C9:  MOVLW  DF
01CA:  BSF    03.5
01CB:  MOVWF  06
....................                     kbd=~COL1&ALL_PINS; 
01CC:  BCF    03.5
01CD:  MOVWF  06
....................                     break; 
01CE:  GOTO   1DA
....................          case 2   : set_tris_kbd(ALL_PINS&~COL2); 
01CF:  MOVLW  BF
01D0:  BSF    03.5
01D1:  MOVWF  06
....................                     kbd=~COL2&ALL_PINS; 
01D2:  BCF    03.5
01D3:  MOVWF  06
....................                     break; 
01D4:  GOTO   1DA
....................          case 3   : set_tris_kbd(ALL_PINS&~COL3); 
01D5:  MOVLW  7F
01D6:  BSF    03.5
01D7:  MOVWF  06
....................                     kbd=~COL3&ALL_PINS; 
01D8:  BCF    03.5
01D9:  MOVWF  06
....................                     break; 
....................        } 
....................  
....................        if(kbd_down) { 
01DA:  BTFSS  22.0
01DB:  GOTO   1E6
....................          if((kbd & (ALL_ROWS))==(ALL_ROWS)) { 
01DC:  MOVF   06,W
01DD:  ANDLW  0F
01DE:  SUBLW  0F
01DF:  BTFSS  03.2
01E0:  GOTO   1E5
....................            kbd_down=FALSE; 
01E1:  BCF    22.0
....................            kchar=last_key; 
01E2:  MOVF   23,W
01E3:  MOVWF  41
....................            last_key='\0'; 
01E4:  CLRF   23
....................          } 
....................        } else { 
01E5:  GOTO   216
....................           if((kbd & (ALL_ROWS))!=(ALL_ROWS)) { 
01E6:  MOVF   06,W
01E7:  ANDLW  0F
01E8:  SUBLW  0F
01E9:  BTFSC  03.2
01EA:  GOTO   211
....................              if((kbd & ROW0)==0) 
01EB:  MOVF   06,W
01EC:  ANDLW  01
01ED:  BTFSS  03.2
01EE:  GOTO   1F1
....................                row=0; 
01EF:  CLRF   42
01F0:  GOTO   205
....................              else if((kbd & ROW1)==0) 
01F1:  MOVF   06,W
01F2:  ANDLW  02
01F3:  BTFSS  03.2
01F4:  GOTO   1F8
....................                row=1; 
01F5:  MOVLW  01
01F6:  MOVWF  42
01F7:  GOTO   205
....................              else if((kbd & ROW2)==0) 
01F8:  MOVF   06,W
01F9:  ANDLW  04
01FA:  BTFSS  03.2
01FB:  GOTO   1FF
....................                row=2; 
01FC:  MOVLW  02
01FD:  MOVWF  42
01FE:  GOTO   205
....................              else if((kbd & ROW3)==0) 
01FF:  MOVF   06,W
0200:  ANDLW  08
0201:  BTFSS  03.2
0202:  GOTO   205
....................                row=3; 
0203:  MOVLW  03
0204:  MOVWF  42
....................              last_key =KEYS[row][col]; 
0205:  RLF    42,W
0206:  MOVWF  77
0207:  RLF    77,F
0208:  MOVLW  FC
0209:  ANDWF  77,F
020A:  MOVF   77,W
020B:  ADDWF  24,W
020C:  CALL   00C
020D:  MOVWF  78
020E:  MOVWF  23
....................              kbd_down = TRUE; 
020F:  BSF    22.0
....................           } else { 
0210:  GOTO   216
....................              ++col; 
0211:  INCF   24,F
....................              if(col==4) 
0212:  MOVF   24,W
0213:  SUBLW  04
0214:  BTFSC  03.2
....................                col=0; 
0215:  CLRF   24
....................           } 
....................        } 
....................       kbd_call_count=0; 
0216:  CLRF   21
....................    } 
....................   set_tris_kbd(ALL_PINS); 
0217:  MOVLW  FF
0218:  BSF    03.5
0219:  MOVWF  06
....................   return(kchar); 
021A:  BCF    03.5
021B:  MOVF   41,W
021C:  MOVWF  78
021D:  BCF    0A.3
021E:  BCF    0A.4
021F:  GOTO   229 (RETURN)
.................... } 
....................  
....................  
.................... #include <getNum16.c> 
.................... /* 
....................    ** Se requiere haber inicializado el lcd y el teclado **  
....................     
....................    Usar como "int16 numero = get_num();" no puede borrar numeros 
....................     
....................    Al usar como "int16 numero = get_num_lcd(cursor_x,cursor_y)" 
....................    se pueden borrar caracteres con '-' y con 'C' 
....................        
....................    Por Angel Primitivo Vejar Cortés 2022 | angel-primi@hotmail.com 
.................... */ 
....................  
.................... unsigned int32 pow(int8 base, int8 power){ 
*
02DA:  CLRF   47
02DB:  CLRF   46
02DC:  CLRF   45
02DD:  MOVLW  01
02DE:  MOVWF  44
....................    int32 result = 1; 
....................    for(int8 i = 0; i < power; i++){ 
02DF:  CLRF   48
02E0:  MOVF   43,W
02E1:  SUBWF  48,W
02E2:  BTFSC  03.0
02E3:  GOTO   2FC
....................       result *= base; 
02E4:  MOVF   47,W
02E5:  MOVWF  4C
02E6:  MOVF   46,W
02E7:  MOVWF  4B
02E8:  MOVF   45,W
02E9:  MOVWF  4A
02EA:  MOVF   44,W
02EB:  MOVWF  49
02EC:  CLRF   50
02ED:  CLRF   4F
02EE:  CLRF   4E
02EF:  MOVF   42,W
02F0:  MOVWF  4D
02F1:  CALL   231
02F2:  MOVF   7A,W
02F3:  MOVWF  47
02F4:  MOVF   79,W
02F5:  MOVWF  46
02F6:  MOVF   78,W
02F7:  MOVWF  45
02F8:  MOVF   77,W
02F9:  MOVWF  44
02FA:  INCF   48,F
02FB:  GOTO   2E0
....................    } 
....................    return result; 
02FC:  MOVF   44,W
02FD:  MOVWF  77
02FE:  MOVF   45,W
02FF:  MOVWF  78
0300:  MOVF   46,W
0301:  MOVWF  79
0302:  MOVF   47,W
0303:  MOVWF  7A
.................... } 
....................  
.................... char read_key(){ 
....................    char c; 
....................    do{ 
....................       c=kbd_getc(); 
*
0228:  GOTO   1B7
0229:  MOVF   78,W
022A:  MOVWF  40
....................    } 
....................    while(c=='\0');  
022B:  MOVF   40,F
022C:  BTFSC  03.2
022D:  GOTO   228
....................    return(c); 
022E:  MOVF   40,W
022F:  MOVWF  78
0230:  RETURN
.................... } 
....................  
.................... int16 get_num_lcd(int8 x, int8 y){ 
....................    lcd_gotoxy(x,y); 
*
025B:  MOVF   34,W
025C:  MOVWF  44
025D:  MOVF   35,W
025E:  MOVWF  45
025F:  CALL   12B
....................    int16 numero = 0; 
....................    char cadena[5] = {0,0,0,0,0}; 
*
0262:  CLRF   38
0263:  CLRF   39
0264:  CLRF   3A
0265:  CLRF   3B
0266:  CLRF   3C
....................    int8 index = 0; 
....................    char tecla; 
*
0260:  CLRF   37
0261:  CLRF   36
*
0267:  CLRF   3D
....................    do { 
....................       tecla = read_key(); 
0268:  CALL   228
0269:  MOVF   78,W
026A:  MOVWF  3E
....................       if((tecla >= 48) && (tecla <= 57))  
026B:  MOVF   3E,W
026C:  SUBLW  2F
026D:  BTFSC  03.0
026E:  GOTO   27D
026F:  MOVF   3E,W
0270:  SUBLW  39
0271:  BTFSS  03.0
0272:  GOTO   27D
....................       { 
....................          cadena[index] = tecla; 
0273:  MOVLW  38
0274:  ADDWF  3D,W
0275:  MOVWF  04
0276:  BCF    03.7
0277:  MOVF   3E,W
0278:  MOVWF  00
....................          index++; 
0279:  INCF   3D,F
....................          printf(lcd_putc,"%c",tecla); 
027A:  MOVF   3E,W
027B:  MOVWF  43
027C:  CALL   13D
....................       } 
....................        
....................       if(tecla == '-' && index > 0){ 
027D:  MOVF   3E,W
027E:  SUBLW  2D
027F:  BTFSS  03.2
0280:  GOTO   29B
0281:  MOVF   3D,F
0282:  BTFSC  03.2
0283:  GOTO   29B
....................          index--; 
0284:  DECF   3D,F
....................          cadena[index] = 0; 
0285:  MOVLW  38
0286:  ADDWF  3D,W
0287:  MOVWF  04
0288:  BCF    03.7
0289:  CLRF   00
....................          lcd_gotoxy(x + index,y); 
028A:  MOVF   3D,W
028B:  ADDWF  34,W
028C:  MOVWF  40
028D:  MOVWF  44
028E:  MOVF   35,W
028F:  MOVWF  45
0290:  CALL   12B
....................          printf(lcd_putc," "); 
0291:  MOVLW  20
0292:  MOVWF  43
0293:  CALL   13D
....................          lcd_gotoxy(x + index,y); 
0294:  MOVF   3D,W
0295:  ADDWF  34,W
0296:  MOVWF  40
0297:  MOVWF  44
0298:  MOVF   35,W
0299:  MOVWF  45
029A:  CALL   12B
....................       } 
....................        
....................       if(tecla == 'C' && index > 0){ 
029B:  MOVF   3E,W
029C:  SUBLW  43
029D:  BTFSS  03.2
029E:  GOTO   2B9
029F:  MOVF   3D,F
02A0:  BTFSC  03.2
02A1:  GOTO   2B9
....................          index=0; 
02A2:  CLRF   3D
....................          cadena[0] = 0; 
02A3:  CLRF   38
....................          cadena[1] = 0; 
02A4:  CLRF   39
....................          cadena[2] = 0; 
02A5:  CLRF   3A
....................          cadena[3] = 0; 
02A6:  CLRF   3B
....................          cadena[4] = 0; 
02A7:  CLRF   3C
....................          lcd_gotoxy(x,y); 
02A8:  MOVF   34,W
02A9:  MOVWF  44
02AA:  MOVF   35,W
02AB:  MOVWF  45
02AC:  CALL   12B
....................          printf(lcd_putc,"     "); 
02AD:  MOVLW  20
02AE:  BSF    03.6
02AF:  MOVWF  0D
02B0:  MOVLW  00
02B1:  MOVWF  0F
02B2:  BCF    03.6
02B3:  CALL   161
....................          lcd_gotoxy(x,y); 
02B4:  MOVF   34,W
02B5:  MOVWF  44
02B6:  MOVF   35,W
02B7:  MOVWF  45
02B8:  CALL   12B
....................       } 
....................        
....................       if(tecla == '=' && index > 0){ 
02B9:  MOVF   3E,W
02BA:  SUBLW  3D
02BB:  BTFSS  03.2
02BC:  GOTO   2C0
02BD:  MOVF   3D,F
02BE:  BTFSS  03.2
....................          break;      
02BF:  GOTO   2C4
....................       } 
....................    }while(index < 5); 
02C0:  MOVF   3D,W
02C1:  SUBLW  04
02C2:  BTFSC  03.0
02C3:  GOTO   268
....................     
....................    for(int8 i = 0; i < index; i++){ 
02C4:  CLRF   3F
02C5:  MOVF   3D,W
02C6:  SUBWF  3F,W
02C7:  BTFSC  03.0
02C8:  GOTO   325
....................       numero += (cadena[i] - 48) * (pow(10,index - 1 - i)); 
02C9:  MOVLW  38
02CA:  ADDWF  3F,W
02CB:  MOVWF  04
02CC:  BCF    03.7
02CD:  MOVLW  30
02CE:  SUBWF  00,W
02CF:  MOVWF  40
02D0:  MOVLW  01
02D1:  SUBWF  3D,W
02D2:  MOVWF  78
02D3:  MOVF   3F,W
02D4:  SUBWF  78,W
02D5:  MOVWF  41
02D6:  MOVLW  0A
02D7:  MOVWF  42
02D8:  MOVF   41,W
02D9:  MOVWF  43
*
0304:  CLRF   42
0305:  MOVF   04,W
0306:  MOVWF  41
0307:  BCF    42.0
0308:  BTFSC  03.7
0309:  BSF    42.0
030A:  CLRF   4C
030B:  CLRF   4B
030C:  CLRF   4A
030D:  MOVF   40,W
030E:  MOVWF  49
030F:  MOVF   7A,W
0310:  MOVWF  50
0311:  MOVF   79,W
0312:  MOVWF  4F
0313:  MOVF   78,W
0314:  MOVWF  4E
0315:  MOVF   77,W
0316:  MOVWF  4D
0317:  CALL   231
0318:  MOVF   41,W
0319:  MOVWF  04
031A:  BCF    03.7
031B:  BTFSC  42.0
031C:  BSF    03.7
031D:  MOVF   77,W
031E:  ADDWF  36,F
031F:  MOVF   78,W
0320:  BTFSC  03.0
0321:  INCFSZ 78,W
0322:  ADDWF  37,F
0323:  INCF   3F,F
0324:  GOTO   2C5
....................    }   
....................    return numero; 
0325:  MOVF   36,W
0326:  MOVWF  78
0327:  MOVF   37,W
0328:  MOVWF  79
0329:  RETURN
.................... } 
....................  
.................... int16 get_num() { 
....................    int16 numero = 0; 
....................    char cadena[5] = {0,0,0,0,0}; 
....................    int8 index = 0; 
....................    char tecla; 
....................    do { 
....................       tecla = read_key(); 
....................       if((tecla >= 48) && (tecla <= 57))  
....................       { 
....................          cadena[index] = tecla; 
....................          index++; 
....................          printf(lcd_putc,"%c",tecla); 
....................       } 
....................        
....................       if(tecla == '=' && index > 0){ 
....................          break;      
....................       } 
....................    }while(index < 5); 
....................     
....................    for(int8 i = 0; i < index; i++){ 
....................       numero += (cadena[i] - 48) * (pow(10,index - 1 - i)); 
....................    }   
....................    return numero; 
.................... } 
....................  
....................  
.................... #define BOTON PIN_D3 
....................  
.................... #define M1 PIN_D0 
....................  
.................... #define M2 PIN_D1 
....................  
.................... #define M3 PIN_D4 
....................  
....................  
....................  
....................    int16 SEG;//NUMERO DE SEGUNDOS 
....................    int16 MS;//NUMERO DE MILISEGUNDOS 
....................    int16 NM;//NUMERO DE MOTOR QUE SE ESCOGIO 
....................    int16 contador=0; 
....................    int16 DS; 
....................    int16 DS2; 
....................    int16 DS3; 
.................... //Directiva para utilizar puerto USART 
....................  
.................... //#use rs232(BAUD=9600, XMIT = PIN_C6, RCV=PIN_C7) 
....................  
.................... void paro_emergencia(){ 
....................  
....................    char tecla; 
....................    if(input(BOTON)==1) 
*
03F9:  BSF    03.5
03FA:  BSF    08.3
03FB:  BCF    03.5
03FC:  BTFSS  08.3
03FD:  GOTO   41D
....................    { 
....................    printf(lcd_putc,"\fPARO DE EMERGEN"); 
03FE:  MOVLW  23
03FF:  BSF    03.6
0400:  MOVWF  0D
0401:  MOVLW  00
0402:  MOVWF  0F
0403:  BCF    03.6
0404:  CALL   161
....................    output_low(M1); 
0405:  BSF    03.5
0406:  BCF    08.0
0407:  BCF    03.5
0408:  BCF    08.0
....................    output_low(M2); 
0409:  BSF    03.5
040A:  BCF    08.1
040B:  BCF    03.5
040C:  BCF    08.1
....................    output_low(M3); 
040D:  BSF    03.5
040E:  BCF    08.4
040F:  BCF    03.5
0410:  BCF    08.4
....................    delay_ms(1500); 
0411:  MOVLW  06
0412:  MOVWF  38
0413:  MOVLW  FA
0414:  MOVWF  44
0415:  CALL   090
0416:  DECFSZ 38,F
0417:  GOTO   413
....................       while(input(BOTON)==1) 
0418:  BSF    03.5
0419:  BSF    08.3
041A:  BCF    03.5
041B:  BTFSC  08.3
....................       { 
041C:  GOTO   418
....................        
....................       } 
....................    } 
....................    printf(lcd_putc,"\fESPERANDO TECLA"); 
041D:  MOVLW  2C
041E:  BSF    03.6
041F:  MOVWF  0D
0420:  MOVLW  00
0421:  MOVWF  0F
0422:  BCF    03.6
0423:  CALL   161
....................    tecla = read_key(); 
0424:  CALL   228
0425:  MOVF   78,W
0426:  MOVWF  37
....................  
....................    printf(lcd_putc,"\fTECLA PRESIONADA\nPUEDE SEGUIR"); 
0427:  MOVLW  35
0428:  BSF    03.6
0429:  MOVWF  0D
042A:  MOVLW  00
042B:  MOVWF  0F
042C:  BCF    03.6
042D:  CALL   161
....................  
....................    delay_ms(1000); 
042E:  MOVLW  04
042F:  MOVWF  38
0430:  MOVLW  FA
0431:  MOVWF  44
0432:  CALL   090
0433:  DECFSZ 38,F
0434:  GOTO   430
0435:  RETURN
....................  
.................... } 
....................  
.................... void motor1(SEG) 
.................... { 
....................      printf(lcd_putc,"\fTranscurrido: "); 
*
045B:  MOVLW  45
045C:  BSF    03.6
045D:  MOVWF  0D
045E:  MOVLW  00
045F:  MOVWF  0F
0460:  BCF    03.6
0461:  CALL   161
....................      for(int16 i=0;i<MS;i++) 
0462:  CLRF   36
0463:  CLRF   35
0464:  MOVF   36,W
0465:  SUBWF  28,W
0466:  BTFSS  03.0
0467:  GOTO   4AB
0468:  BTFSS  03.2
0469:  GOTO   46E
046A:  MOVF   27,W
046B:  SUBWF  35,W
046C:  BTFSC  03.0
046D:  GOTO   4AB
....................       { 
....................          lcd_gotoxy(1,2); 
046E:  MOVLW  01
046F:  MOVWF  44
0470:  MOVLW  02
0471:  MOVWF  45
0472:  CALL   12B
....................          printf(lcd_putc,"\n%lu", contador); 
0473:  MOVLW  0A
0474:  MOVWF  43
0475:  CALL   13D
0476:  MOVLW  10
0477:  MOVWF  04
0478:  MOVF   2C,W
0479:  MOVWF  38
047A:  MOVF   2B,W
047B:  MOVWF  37
047C:  CALL   396
....................          if(input(BOTON)==1) 
047D:  BSF    03.5
047E:  BSF    08.3
047F:  BCF    03.5
0480:  BTFSS  08.3
0481:  GOTO   485
....................          {  //output_low(M1); 
....................                paro_emergencia(); 
0482:  CALL   3F9
....................                break; 
0483:  GOTO   4AB
....................          } 
0484:  GOTO   48C
....................           
....................          else 
....................          { 
....................             output_high(M1); 
0485:  BSF    03.5
0486:  BCF    08.0
0487:  BCF    03.5
0488:  BSF    08.0
....................             delay_ms(100); 
0489:  MOVLW  64
048A:  MOVWF  44
048B:  CALL   090
....................          } 
....................          if(i %10==0 && i>0) 
048C:  MOVF   36,W
048D:  MOVWF  38
048E:  MOVF   35,W
048F:  MOVWF  37
0490:  CLRF   3A
0491:  MOVLW  0A
0492:  MOVWF  39
0493:  CALL   436
0494:  MOVF   77,W
0495:  MOVWF  37
0496:  MOVF   7A,W
0497:  MOVWF  38
0498:  MOVF   37,F
0499:  BTFSS  03.2
049A:  GOTO   4A7
049B:  MOVF   38,F
049C:  BTFSS  03.2
049D:  GOTO   4A7
049E:  MOVF   35,F
049F:  BTFSS  03.2
04A0:  GOTO   4A4
04A1:  MOVF   36,F
04A2:  BTFSC  03.2
04A3:  GOTO   4A7
....................          { 
....................             contador++; 
04A4:  INCF   2B,F
04A5:  BTFSC  03.2
04A6:  INCF   2C,F
....................          } 
04A7:  INCF   35,F
04A8:  BTFSC  03.2
04A9:  INCF   36,F
04AA:  GOTO   464
....................       } 
....................       output_low(M1); 
04AB:  BSF    03.5
04AC:  BCF    08.0
04AD:  BCF    03.5
04AE:  BCF    08.0
....................       contador=0; 
04AF:  CLRF   2C
04B0:  CLRF   2B
04B1:  BCF    0A.3
04B2:  BCF    0A.4
04B3:  GOTO   6BB (RETURN)
.................... } 
....................  
.................... void motor2(SEG) 
.................... { 
....................    printf(lcd_putc,"\fTranscurrido: "); 
04B4:  MOVLW  4D
04B5:  BSF    03.6
04B6:  MOVWF  0D
04B7:  MOVLW  00
04B8:  MOVWF  0F
04B9:  BCF    03.6
04BA:  CALL   161
....................      for(int16 i=0;i<MS;i++) 
04BB:  CLRF   36
04BC:  CLRF   35
04BD:  MOVF   36,W
04BE:  SUBWF  28,W
04BF:  BTFSS  03.0
04C0:  GOTO   539
04C1:  BTFSS  03.2
04C2:  GOTO   4C7
04C3:  MOVF   27,W
04C4:  SUBWF  35,W
04C5:  BTFSC  03.0
04C6:  GOTO   539
....................       { 
....................          lcd_gotoxy(1,2); 
04C7:  MOVLW  01
04C8:  MOVWF  44
04C9:  MOVLW  02
04CA:  MOVWF  45
04CB:  CALL   12B
....................          printf(lcd_putc,"\n%lu", contador); 
04CC:  MOVLW  0A
04CD:  MOVWF  43
04CE:  CALL   13D
04CF:  MOVLW  10
04D0:  MOVWF  04
04D1:  MOVF   2C,W
04D2:  MOVWF  38
04D3:  MOVF   2B,W
04D4:  MOVWF  37
04D5:  CALL   396
....................          if(input(BOTON)==1) 
04D6:  BSF    03.5
04D7:  BSF    08.3
04D8:  BCF    03.5
04D9:  BTFSS  08.3
04DA:  GOTO   4DD
....................             {  
....................                paro_emergencia(); 
04DB:  CALL   3F9
....................                break; 
04DC:  GOTO   539
....................             } 
....................  
....................             if(i<DS) 
04DD:  MOVF   36,W
04DE:  SUBWF  2E,W
04DF:  BTFSS  03.0
04E0:  GOTO   4EF
04E1:  BTFSS  03.2
04E2:  GOTO   4E7
04E3:  MOVF   2D,W
04E4:  SUBWF  35,W
04E5:  BTFSC  03.0
04E6:  GOTO   4EF
....................             { 
....................                output_high(M2); 
04E7:  BSF    03.5
04E8:  BCF    08.1
04E9:  BCF    03.5
04EA:  BSF    08.1
....................                delay_ms(100); 
04EB:  MOVLW  64
04EC:  MOVWF  44
04ED:  CALL   090
....................             } 
04EE:  GOTO   51A
....................             else if(i<DS2) 
04EF:  MOVF   36,W
04F0:  SUBWF  30,W
04F1:  BTFSS  03.0
04F2:  GOTO   501
04F3:  BTFSS  03.2
04F4:  GOTO   4F9
04F5:  MOVF   2F,W
04F6:  SUBWF  35,W
04F7:  BTFSC  03.0
04F8:  GOTO   501
....................             { 
....................                output_low(M2); 
04F9:  BSF    03.5
04FA:  BCF    08.1
04FB:  BCF    03.5
04FC:  BCF    08.1
....................                delay_ms(100); 
04FD:  MOVLW  64
04FE:  MOVWF  44
04FF:  CALL   090
....................             } 
0500:  GOTO   51A
....................             else if(i<DS3) 
0501:  MOVF   36,W
0502:  SUBWF  32,W
0503:  BTFSS  03.0
0504:  GOTO   513
0505:  BTFSS  03.2
0506:  GOTO   50B
0507:  MOVF   31,W
0508:  SUBWF  35,W
0509:  BTFSC  03.0
050A:  GOTO   513
....................             { 
....................                output_high(M2); 
050B:  BSF    03.5
050C:  BCF    08.1
050D:  BCF    03.5
050E:  BSF    08.1
....................                delay_ms(100); 
050F:  MOVLW  64
0510:  MOVWF  44
0511:  CALL   090
....................             } 
0512:  GOTO   51A
....................             else 
....................             { 
....................                output_low(M2); 
0513:  BSF    03.5
0514:  BCF    08.1
0515:  BCF    03.5
0516:  BCF    08.1
....................                delay_ms(100); 
0517:  MOVLW  64
0518:  MOVWF  44
0519:  CALL   090
....................             } 
....................          if(i %10==0 && i>0) 
051A:  MOVF   36,W
051B:  MOVWF  38
051C:  MOVF   35,W
051D:  MOVWF  37
051E:  CLRF   3A
051F:  MOVLW  0A
0520:  MOVWF  39
0521:  CALL   436
0522:  MOVF   77,W
0523:  MOVWF  37
0524:  MOVF   7A,W
0525:  MOVWF  38
0526:  MOVF   37,F
0527:  BTFSS  03.2
0528:  GOTO   535
0529:  MOVF   38,F
052A:  BTFSS  03.2
052B:  GOTO   535
052C:  MOVF   35,F
052D:  BTFSS  03.2
052E:  GOTO   532
052F:  MOVF   36,F
0530:  BTFSC  03.2
0531:  GOTO   535
....................          { 
....................             contador++; 
0532:  INCF   2B,F
0533:  BTFSC  03.2
0534:  INCF   2C,F
....................          } 
0535:  INCF   35,F
0536:  BTFSC  03.2
0537:  INCF   36,F
0538:  GOTO   4BD
....................       } 
....................       output_low(M2); 
0539:  BSF    03.5
053A:  BCF    08.1
053B:  BCF    03.5
053C:  BCF    08.1
....................       contador=0; 
053D:  CLRF   2C
053E:  CLRF   2B
053F:  BCF    0A.3
0540:  BCF    0A.4
0541:  GOTO   6BB (RETURN)
....................    
.................... } 
....................  
.................... void motor3(SEG) 
.................... { 
....................   printf(lcd_putc,"\fTranscurrido: "); 
0542:  MOVLW  55
0543:  BSF    03.6
0544:  MOVWF  0D
0545:  MOVLW  00
0546:  MOVWF  0F
0547:  BCF    03.6
0548:  CALL   161
....................      for(int16 i=0;i<MS;i++) 
0549:  CLRF   36
054A:  CLRF   35
054B:  MOVF   36,W
054C:  SUBWF  28,W
054D:  BTFSS  03.0
054E:  GOTO   5A4
054F:  BTFSS  03.2
0550:  GOTO   555
0551:  MOVF   27,W
0552:  SUBWF  35,W
0553:  BTFSC  03.0
0554:  GOTO   5A4
....................       { 
....................          lcd_gotoxy(1,2); 
0555:  MOVLW  01
0556:  MOVWF  44
0557:  MOVLW  02
0558:  MOVWF  45
0559:  CALL   12B
....................          printf(lcd_putc,"\n%lu", contador); 
055A:  MOVLW  0A
055B:  MOVWF  43
055C:  CALL   13D
055D:  MOVLW  10
055E:  MOVWF  04
055F:  MOVF   2C,W
0560:  MOVWF  38
0561:  MOVF   2B,W
0562:  MOVWF  37
0563:  CALL   396
....................          if(input(BOTON)==1) 
0564:  BSF    03.5
0565:  BSF    08.3
0566:  BCF    03.5
0567:  BTFSS  08.3
0568:  GOTO   56C
....................          {  
....................                paro_emergencia(); 
0569:  CALL   3F9
....................                break; 
056A:  GOTO   5A4
....................          } 
056B:  GOTO   585
....................           
....................          else 
....................          { 
....................             if(contador %2==0) 
056C:  MOVF   2B,W
056D:  ANDLW  01
056E:  MOVWF  37
056F:  CLRF   38
0570:  MOVF   37,F
0571:  BTFSS  03.2
0572:  GOTO   57E
0573:  MOVF   38,F
0574:  BTFSS  03.2
0575:  GOTO   57E
....................             { 
....................             output_high(M3); 
0576:  BSF    03.5
0577:  BCF    08.4
0578:  BCF    03.5
0579:  BSF    08.4
....................             delay_ms(100); 
057A:  MOVLW  64
057B:  MOVWF  44
057C:  CALL   090
....................             } 
057D:  GOTO   585
....................             else 
....................             { 
....................             output_low(M3); 
057E:  BSF    03.5
057F:  BCF    08.4
0580:  BCF    03.5
0581:  BCF    08.4
....................             delay_ms(100); 
0582:  MOVLW  64
0583:  MOVWF  44
0584:  CALL   090
....................             } 
....................          } 
....................          if(i %10==0 && i>0) 
0585:  MOVF   36,W
0586:  MOVWF  38
0587:  MOVF   35,W
0588:  MOVWF  37
0589:  CLRF   3A
058A:  MOVLW  0A
058B:  MOVWF  39
058C:  CALL   436
058D:  MOVF   77,W
058E:  MOVWF  37
058F:  MOVF   7A,W
0590:  MOVWF  38
0591:  MOVF   37,F
0592:  BTFSS  03.2
0593:  GOTO   5A0
0594:  MOVF   38,F
0595:  BTFSS  03.2
0596:  GOTO   5A0
0597:  MOVF   35,F
0598:  BTFSS  03.2
0599:  GOTO   59D
059A:  MOVF   36,F
059B:  BTFSC  03.2
059C:  GOTO   5A0
....................          { 
....................             contador++; 
059D:  INCF   2B,F
059E:  BTFSC  03.2
059F:  INCF   2C,F
....................          } 
05A0:  INCF   35,F
05A1:  BTFSC  03.2
05A2:  INCF   36,F
05A3:  GOTO   54B
....................       } 
....................       output_low(M3); 
05A4:  BSF    03.5
05A5:  BCF    08.4
05A6:  BCF    03.5
05A7:  BCF    08.4
....................       contador=0; 
05A8:  CLRF   2C
05A9:  CLRF   2B
05AA:  RETURN
.................... } 
....................  
....................  
....................  
.................... void main() 
05AB:  MOVF   03,W
05AC:  ANDLW  1F
05AD:  MOVWF  03
05AE:  MOVLW  FF
05AF:  MOVWF  20
05B0:  CLRF   2C
05B1:  CLRF   2B
05B2:  BSF    03.5
05B3:  BSF    1F.0
05B4:  BSF    1F.1
05B5:  BSF    1F.2
05B6:  BCF    1F.3
05B7:  MOVLW  07
05B8:  MOVWF  1C
05B9:  BCF    03.7
....................  
.................... { 
.................... port_b_pullups(TRUE); 
*
05BF:  BSF    03.5
05C0:  BCF    01.7
.................... int1 condicion; 
....................  
....................    // setup_uart(9600); //Configurar baudios 
....................  
....................    // Inicializar pines 
....................  
....................    lcd_init(); 
05C1:  BCF    03.5
05C2:  GOTO   0F8
....................  
....................    kbd_init(); 
05C3:  GOTO   128
.................... printf(lcd_putc,"\fIngresar motor: "); 
05C4:  MOVLW  5D
05C5:  BSF    03.6
05C6:  MOVWF  0D
05C7:  MOVLW  00
05C8:  MOVWF  0F
05C9:  BCF    03.6
05CA:  CALL   161
....................    while (TRUE) 
....................  
....................     { 
....................     do{ 
....................          printf(lcd_putc,"\fIngresar motor: "); 
05CB:  MOVLW  66
05CC:  BSF    03.6
05CD:  MOVWF  0D
05CE:  MOVLW  00
05CF:  MOVWF  0F
05D0:  BCF    03.6
05D1:  CALL   161
....................          NM = get_num_lcd(1,2); 
05D2:  MOVLW  01
05D3:  MOVWF  34
05D4:  MOVLW  02
05D5:  MOVWF  35
05D6:  CALL   25B
05D7:  MOVF   79,W
05D8:  MOVWF  2A
05D9:  MOVF   78,W
05DA:  MOVWF  29
....................          condicion = (NM > 3)||(NM==0); 
05DB:  BCF    33.0
05DC:  MOVF   2A,F
05DD:  BTFSS  03.2
05DE:  GOTO   5E8
05DF:  MOVF   29,W
05E0:  SUBLW  03
05E1:  BTFSS  03.0
05E2:  GOTO   5E8
05E3:  MOVF   29,F
05E4:  BTFSS  03.2
05E5:  GOTO   5E9
05E6:  MOVF   2A,F
05E7:  BTFSC  03.2
05E8:  BSF    33.0
....................          if(condicion == 1){ 
05E9:  BTFSS  33.0
05EA:  GOTO   5F9
....................             printf(lcd_putc,"\fMotor not valid"); 
05EB:  MOVLW  6F
05EC:  BSF    03.6
05ED:  MOVWF  0D
05EE:  MOVLW  00
05EF:  MOVWF  0F
05F0:  BCF    03.6
05F1:  CALL   161
....................             delay_ms(1000); 
05F2:  MOVLW  04
05F3:  MOVWF  34
05F4:  MOVLW  FA
05F5:  MOVWF  44
05F6:  CALL   090
05F7:  DECFSZ 34,F
05F8:  GOTO   5F4
....................          } 
....................       }while(condicion == 1); 
05F9:  BTFSC  33.0
05FA:  GOTO   5CB
....................       do{ 
....................          printf(lcd_putc,"\fSEG: "); 
05FB:  MOVLW  78
05FC:  BSF    03.6
05FD:  MOVWF  0D
05FE:  MOVLW  00
05FF:  MOVWF  0F
0600:  BCF    03.6
0601:  CALL   161
....................          SEG = get_num_lcd(1,2); 
0602:  MOVLW  01
0603:  MOVWF  34
0604:  MOVLW  02
0605:  MOVWF  35
0606:  CALL   25B
0607:  MOVF   79,W
0608:  MOVWF  26
0609:  MOVF   78,W
060A:  MOVWF  25
....................          condicion = (SEG > 120)||(SEG==0); 
060B:  BCF    33.0
060C:  MOVF   26,F
060D:  BTFSS  03.2
060E:  GOTO   618
060F:  MOVF   25,W
0610:  SUBLW  78
0611:  BTFSS  03.0
0612:  GOTO   618
0613:  MOVF   25,F
0614:  BTFSS  03.2
0615:  GOTO   619
0616:  MOVF   26,F
0617:  BTFSC  03.2
0618:  BSF    33.0
....................          if(condicion == 1){ 
0619:  BTFSS  33.0
061A:  GOTO   629
....................             printf(lcd_putc,"\fVALOR NO VALIDO"); 
061B:  MOVLW  7C
061C:  BSF    03.6
061D:  MOVWF  0D
061E:  MOVLW  00
061F:  MOVWF  0F
0620:  BCF    03.6
0621:  CALL   161
....................             delay_ms(1000); 
0622:  MOVLW  04
0623:  MOVWF  34
0624:  MOVLW  FA
0625:  MOVWF  44
0626:  CALL   090
0627:  DECFSZ 34,F
0628:  GOTO   624
....................          } 
....................       }while(condicion == 1); 
0629:  BTFSC  33.0
062A:  GOTO   5FB
....................        
....................       MS=SEG*10; 
062B:  MOVF   26,W
062C:  MOVWF  35
062D:  MOVF   25,W
062E:  MOVWF  34
062F:  CLRF   37
0630:  MOVLW  0A
0631:  MOVWF  36
0632:  CALL   32A
0633:  MOVF   79,W
0634:  MOVWF  28
0635:  MOVF   78,W
0636:  MOVWF  27
....................       DS=MS/4; 
0637:  RRF    28,W
0638:  MOVWF  2E
0639:  RRF    27,W
063A:  MOVWF  2D
063B:  RRF    2E,F
063C:  RRF    2D,F
063D:  MOVLW  3F
063E:  ANDWF  2E,F
....................       DS2=DS*2; 
063F:  BCF    03.0
0640:  RLF    2D,W
0641:  MOVWF  2F
0642:  RLF    2E,W
0643:  MOVWF  30
....................       DS3=DS*3; 
0644:  MOVF   2E,W
0645:  MOVWF  35
0646:  MOVF   2D,W
0647:  MOVWF  34
0648:  CLRF   37
0649:  MOVLW  03
064A:  MOVWF  36
064B:  CALL   32A
064C:  MOVF   79,W
064D:  MOVWF  32
064E:  MOVF   78,W
064F:  MOVWF  31
....................        
....................       printf(lcd_putc,"\fMOTOR: %lu SEG: %lu", NM,SEG); 
0650:  MOVLW  85
0651:  BSF    03.6
0652:  MOVWF  0D
0653:  MOVLW  00
0654:  MOVWF  0F
0655:  BCF    03.0
0656:  MOVLW  08
0657:  BCF    03.6
0658:  MOVWF  34
0659:  CALL   33F
065A:  MOVLW  10
065B:  MOVWF  04
065C:  MOVF   2A,W
065D:  MOVWF  38
065E:  MOVF   29,W
065F:  MOVWF  37
0660:  CALL   396
0661:  MOVLW  8A
0662:  BSF    03.6
0663:  MOVWF  0D
0664:  MOVLW  00
0665:  MOVWF  0F
0666:  BSF    03.0
0667:  MOVLW  06
0668:  BCF    03.6
0669:  MOVWF  34
066A:  CALL   33F
066B:  MOVLW  10
066C:  MOVWF  04
066D:  MOVF   26,W
066E:  MOVWF  38
066F:  MOVF   25,W
0670:  MOVWF  37
0671:  CALL   396
....................       delay_ms(1000); 
0672:  MOVLW  04
0673:  MOVWF  34
0674:  MOVLW  FA
0675:  MOVWF  44
0676:  CALL   090
0677:  DECFSZ 34,F
0678:  GOTO   674
....................        
....................       SWITCH (NM) 
0679:  MOVF   29,W
067A:  MOVWF  77
067B:  MOVF   2A,W
067C:  MOVWF  7A
067D:  MOVF   7A,W
067E:  BTFSS  03.2
067F:  GOTO   684
0680:  MOVLW  01
0681:  SUBWF  77,W
0682:  BTFSC  03.2
0683:  GOTO   693
0684:  MOVF   7A,W
0685:  BTFSS  03.2
0686:  GOTO   68B
0687:  MOVLW  02
0688:  SUBWF  77,W
0689:  BTFSC  03.2
068A:  GOTO   697
068B:  MOVF   7A,W
068C:  BTFSS  03.2
068D:  GOTO   692
068E:  MOVLW  03
068F:  SUBWF  77,W
0690:  BTFSC  03.2
0691:  GOTO   69B
0692:  GOTO   6BB
....................       { 
....................          CASE 1: 
....................          motor1(SEG); 
0693:  MOVF   25,W
0694:  MOVWF  34
0695:  GOTO   45B
....................          break; 
0696:  GOTO   6BB
....................          CASE 2: 
....................          motor2(SEG); 
0697:  MOVF   25,W
0698:  MOVWF  34
0699:  GOTO   4B4
....................          break; 
069A:  GOTO   6BB
....................          CASE 3: 
....................          if(SEG %2!=0) 
069B:  MOVF   25,W
069C:  ANDLW  01
069D:  MOVWF  34
069E:  CLRF   35
069F:  MOVF   34,F
06A0:  BTFSS  03.2
06A1:  GOTO   6A5
06A2:  MOVF   35,F
06A3:  BTFSC  03.2
06A4:  GOTO   6B8
....................          { 
....................            MS=(SEG*10)+10; 
06A5:  MOVF   26,W
06A6:  MOVWF  35
06A7:  MOVF   25,W
06A8:  MOVWF  34
06A9:  CLRF   37
06AA:  MOVLW  0A
06AB:  MOVWF  36
06AC:  CALL   32A
06AD:  MOVLW  0A
06AE:  ADDWF  78,W
06AF:  MOVWF  27
06B0:  MOVF   79,W
06B1:  MOVWF  28
06B2:  BTFSC  03.0
06B3:  INCF   28,F
....................            motor3(SEG); 
06B4:  MOVF   25,W
06B5:  MOVWF  34
06B6:  CALL   542
....................          }else 
06B7:  GOTO   6BB
....................          { 
....................             motor3(SEG); 
06B8:  MOVF   25,W
06B9:  MOVWF  34
06BA:  CALL   542
....................          } 
....................          break;    
....................       } 
06BB:  GOTO   5CB
....................     } 
.................... } 
....................     
06BC:  SLEEP

Configuration Fuses:
   Word  1: 3F32   HS NOWDT PUT NOBROWNOUT NOLVP NOCPD NOWRT NODEBUG NOPROTECT
